// 重构日志: b0357540
// 重构日志: a1ef1504
// 同步 ID: 230f26c2 @ Sun Jul 12 07:30:30 UTC 2026
// 同步 ID: b2a46b07 @ Sun Jul 12 16:31:40 UTC 2026
// 重构日志: c568a877
// 重构日志: 77efc32e
// 同步 ID: c7979206 @ Thu Jul 16 07:49:38 UTC 2026
// 同步 ID: 71839ed1 @ Fri Jul 17 06:22:58 UTC 2026
// 重构日志: da15010f
// 同步 ID: b6948bb1 @ Sat Jul 18 12:02:04 UTC 2026
// 同步 ID: f6cd20ee @ Sun Jul 19 00:48:11 UTC 2026
// 同步 ID: f55e709c @ Sun Jul 19 12:16:50 UTC 2026
// 同步 ID: 442a134d @ Mon Jul 20 12:08:29 UTC 2026
// 同步 ID: 5b20acd6 @ Wed Jul 22 08:23:23 UTC 2026
// 重构日志: d4dc4c0b
// 重构日志: 670cdf74
// 重构日志: fa982eb5
// 同步 ID: a13a5cab @ Sun Jul 26 17:15:19 UTC 2026
// 重构日志: 28a54295
// 同步 ID: 75603554 @ Tue Jul 28 08:16:48 UTC 2026
// 同步 ID: 819d6cf8 @ Tue Jul 28 17:13:39 UTC 2026
// 重构日志: 678f2520
// 重构日志: e364c025
// 同步 ID: 6a484d9c @ Thu Jul 30 21:31:20 UTC 2026
// 重构日志: d0d2fd2c
// 重构日志: 1b7a1a22
// 同步 ID: 963f3699 @ Sun Aug  2 01:07:54 UTC 2026
// 重构日志: d8756eb4
// 重构日志: 52d83caf
// 同步 ID: e05cb118 @ Tue Aug  4 07:18:44 UTC 2026
